10:49:54 [WEB][ERR] Unhandled exception. System.IO.IOException: Failed to bind to address http://127.0.0.1:5030: address already in use.
10:49:54 [WEB][ERR]  ---> Microsoft.AspNetCore.Connections.AddressInUseException: Address already in use
10:49:54 [WEB][ERR]  ---> System.Net.Sockets.SocketException (98): Address already in use
10:49:54 [WEB][ERR]    at System.Net.Sockets.Socket.UpdateStatusAfterSocketErrorAndThrowException(SocketError error, Boolean disconnectOnFailure, String callerName)
10:49:54 [WEB][ERR]    at System.Net.Sockets.Socket.DoBind(EndPoint endPointSnapshot, SocketAddress socketAddress)
10:49:54 [WEB][ERR]    at System.Net.Sockets.Socket.Bind(EndPoint localEP)
10:49:54 [WEB][ERR]    at Microsoft.AspNetCore.Server.Kestrel.Transport.Sockets.SocketTransportOptions.CreateDefaultBoundListenSocket(EndPoint endpoint)
10:49:54 [WEB][ERR]    at Microsoft.AspNetCore.Server.Kestrel.Transport.Sockets.SocketConnectionListener.Bind()
10:49:54 [WEB][ERR]    --- End of inner exception stack trace ---
10:49:54 [WEB][ERR]    at Microsoft.AspNetCore.Server.Kestrel.Transport.Sockets.SocketConnectionListener.Bind()
10:49:54 [WEB][ERR]    at Microsoft.AspNetCore.Server.Kestrel.Transport.Sockets.SocketTransportFactory.BindAsync(EndPoint endpoint, CancellationToken cancellationToken)
10:49:54 [WEB][ERR]    at Microsoft.AspNetCore.Server.Kestrel.Core.Internal.Infrastructure.TransportManager.BindAsync(EndPoint endPoint, ConnectionDelegate connectionDelegate, EndpointConfig endpointConfig, CancellationToken cancellationToken)
10:49:54 [WEB][ERR]    at Microsoft.AspNetCore.Server.Kestrel.Core.KestrelServerImpl.<>c__DisplayClass28_0`1.<<StartAsync>g__OnBind|0>d.MoveNext()
10:49:54 [WEB][ERR] --- End of stack trace from previous location ---
10:49:54 [WEB][ERR]    at Microsoft.AspNetCore.Server.Kestrel.Core.Internal.AddressBinder.BindEndpointAsync(ListenOptions endpoint, AddressBindContext context, CancellationToken cancellationToken)
10:49:54 [WEB][ERR]    --- End of inner exception stack trace ---
10:49:54 [WEB][ERR]    at Microsoft.AspNetCore.Server.Kestrel.Core.Internal.AddressBinder.BindEndpointAsync(ListenOptions endpoint, AddressBindContext context, CancellationToken cancellationToken)
10:49:54 [WEB][ERR]    at Microsoft.AspNetCore.Server.Kestrel.Core.LocalhostListenOptions.BindAsync(AddressBindContext context, CancellationToken cancellationToken)
10:49:54 [WEB][ERR]    at Microsoft.AspNetCore.Server.Kestrel.Core.Internal.AddressBinder.AddressesStrategy.BindAsync(AddressBindContext context, CancellationToken cancellationToken)
10:49:54 [WEB][ERR]    at Microsoft.AspNetCore.Server.Kestrel.Core.KestrelServerImpl.BindAsync(CancellationToken cancellationToken)
10:49:54 [WEB][ERR]    at Microsoft.AspNetCore.Server.Kestrel.Core.KestrelServerImpl.StartAsync[TContext](IHttpApplication`1 application, CancellationToken cancellationToken)
10:49:54 [WEB][ERR]    at Microsoft.AspNetCore.Hosting.GenericWebHostService.StartAsync(CancellationToken cancellationToken)
10:49:54 [WEB][ERR]    at Microsoft.Extensions.Hosting.Internal.Host.<StartAsync>b__14_1(IHostedService service, CancellationToken token)
10:49:54 [WEB][ERR]    at Microsoft.Extensions.Hosting.Internal.Host.ForeachService[T](IEnumerable`1 services, CancellationToken token, Boolean concurrent, Boolean abortOnFirstException, List`1 exceptions, Func`3 operation)
10:49:54 [WEB][ERR]    at Microsoft.Extensions.Hosting.Internal.Host.StartAsync(CancellationToken cancellationToken)
10:49:54 [WEB][ERR]    at Microsoft.Extensions.Hosting.HostingAbstractionsHostExtensions.RunAsync(IHost host, CancellationToken token)
10:49:54 [WEB][ERR]    at Microsoft.Extensions.Hosting.HostingAbstractionsHostExtensions.RunAsync(IHost host, CancellationToken token)
10:49:54 [WEB][ERR]    at Microsoft.Extensions.Hosting.HostingAbstractionsHostExtensions.Run(IHost host)
10:49:54 [WEB][ERR]    at Program.<Main>$(String[] args) in /home/ole-kristian-wigum/Documents/School/Nettverk/code/oving05/Web/Program.cs:line 50
10:53:03 [WEB][ERR] Unhandled exception. System.IO.IOException: Failed to bind to address http://127.0.0.1:5030: address already in use.
10:53:03 [WEB][ERR]  ---> Microsoft.AspNetCore.Connections.AddressInUseException: Address already in use
10:53:03 [WEB][ERR]  ---> System.Net.Sockets.SocketException (98): Address already in use
10:53:03 [WEB][ERR]    at System.Net.Sockets.Socket.UpdateStatusAfterSocketErrorAndThrowException(SocketError error, Boolean disconnectOnFailure, String callerName)
10:53:03 [WEB][ERR]    at System.Net.Sockets.Socket.DoBind(EndPoint endPointSnapshot, SocketAddress socketAddress)
10:53:03 [WEB][ERR]    at System.Net.Sockets.Socket.Bind(EndPoint localEP)
10:53:03 [WEB][ERR]    at Microsoft.AspNetCore.Server.Kestrel.Transport.Sockets.SocketTransportOptions.CreateDefaultBoundListenSocket(EndPoint endpoint)
10:53:03 [WEB][ERR]    at Microsoft.AspNetCore.Server.Kestrel.Transport.Sockets.SocketConnectionListener.Bind()
10:53:03 [WEB][ERR]    --- End of inner exception stack trace ---
10:53:03 [WEB][ERR]    at Microsoft.AspNetCore.Server.Kestrel.Transport.Sockets.SocketConnectionListener.Bind()
10:53:03 [WEB][ERR]    at Microsoft.AspNetCore.Server.Kestrel.Transport.Sockets.SocketTransportFactory.BindAsync(EndPoint endpoint, CancellationToken cancellationToken)
10:53:03 [WEB][ERR]    at Microsoft.AspNetCore.Server.Kestrel.Core.Internal.Infrastructure.TransportManager.BindAsync(EndPoint endPoint, ConnectionDelegate connectionDelegate, EndpointConfig endpointConfig, CancellationToken cancellationToken)
10:53:03 [WEB][ERR]    at Microsoft.AspNetCore.Server.Kestrel.Core.KestrelServerImpl.<>c__DisplayClass28_0`1.<<StartAsync>g__OnBind|0>d.MoveNext()
10:53:03 [WEB][ERR] --- End of stack trace from previous location ---
10:53:03 [WEB][ERR]    at Microsoft.AspNetCore.Server.Kestrel.Core.Internal.AddressBinder.BindEndpointAsync(ListenOptions endpoint, AddressBindContext context, CancellationToken cancellationToken)
10:53:03 [WEB][ERR]    --- End of inner exception stack trace ---
10:53:03 [WEB][ERR]    at Microsoft.AspNetCore.Server.Kestrel.Core.Internal.AddressBinder.BindEndpointAsync(ListenOptions endpoint, AddressBindContext context, CancellationToken cancellationToken)
10:53:03 [WEB][ERR]    at Microsoft.AspNetCore.Server.Kestrel.Core.LocalhostListenOptions.BindAsync(AddressBindContext context, CancellationToken cancellationToken)
10:53:03 [WEB][ERR]    at Microsoft.AspNetCore.Server.Kestrel.Core.Internal.AddressBinder.AddressesStrategy.BindAsync(AddressBindContext context, CancellationToken cancellationToken)
10:53:03 [WEB][ERR]    at Microsoft.AspNetCore.Server.Kestrel.Core.KestrelServerImpl.BindAsync(CancellationToken cancellationToken)
10:53:03 [WEB][ERR]    at Microsoft.AspNetCore.Server.Kestrel.Core.KestrelServerImpl.StartAsync[TContext](IHttpApplication`1 application, CancellationToken cancellationToken)
10:53:03 [WEB][ERR]    at Microsoft.AspNetCore.Hosting.GenericWebHostService.StartAsync(CancellationToken cancellationToken)
10:53:03 [WEB][ERR]    at Microsoft.Extensions.Hosting.Internal.Host.<StartAsync>b__14_1(IHostedService service, CancellationToken token)
10:53:03 [WEB][ERR]    at Microsoft.Extensions.Hosting.Internal.Host.ForeachService[T](IEnumerable`1 services, CancellationToken token, Boolean concurrent, Boolean abortOnFirstException, List`1 exceptions, Func`3 operation)
10:53:03 [WEB][ERR]    at Microsoft.Extensions.Hosting.Internal.Host.StartAsync(CancellationToken cancellationToken)
10:53:03 [WEB][ERR]    at Microsoft.Extensions.Hosting.HostingAbstractionsHostExtensions.RunAsync(IHost host, CancellationToken token)
10:53:03 [WEB][ERR]    at Microsoft.Extensions.Hosting.HostingAbstractionsHostExtensions.RunAsync(IHost host, CancellationToken token)
10:53:03 [WEB][ERR]    at Microsoft.Extensions.Hosting.HostingAbstractionsHostExtensions.Run(IHost host)
10:53:03 [WEB][ERR]    at Program.<Main>$(String[] args) in /home/ole-kristian-wigum/Documents/School/Nettverk/code/oving05/Web/Program.cs:line 50
10:54:08 [WEB] Using launch settings from /home/ole-kristian-wigum/Documents/School/Nettverk/code/oving05/Web/Properties/launchSettings.json...
10:54:08 [WEB] Building...
10:54:11 [WEB] info: Microsoft.Hosting.Lifetime[14]
10:54:11 [WEB]       Now listening on: http://localhost:5030
10:54:11 [WEB] info: Microsoft.Hosting.Lifetime[0]
10:54:11 [WEB]       Application started. Press Ctrl+C to shut down.
10:54:11 [WEB] info: Microsoft.Hosting.Lifetime[0]
10:54:11 [WEB]       Hosting environment: Development
10:54:11 [WEB] info: Microsoft.Hosting.Lifetime[0]
10:54:11 [WEB]       Content root path: /home/ole-kristian-wigum/Documents/School/Nettverk/code/oving05/Web
10:54:35 [WEB] info: System.Net.Http.HttpClient.RunnerApi.LogicalHandler[100]
10:54:35 [WEB]       Start processing HTTP request POST http://127.0.0.1:5166/run-csharp
10:54:35 [WEB] info: System.Net.Http.HttpClient.RunnerApi.ClientHandler[100]
10:54:35 [WEB]       Sending HTTP request POST http://127.0.0.1:5166/run-csharp
10:54:38 [WEB] info: System.Net.Http.HttpClient.RunnerApi.ClientHandler[101]
10:54:38 [WEB]       Received HTTP response headers after 3329.0853ms - 200
10:54:38 [WEB] info: System.Net.Http.HttpClient.RunnerApi.LogicalHandler[101]
10:54:38 [WEB]       End processing HTTP request after 3340.7629ms - 200
11:00:35 [WEB] info: System.Net.Http.HttpClient.RunnerApi.LogicalHandler[100]
11:00:35 [WEB]       Start processing HTTP request POST http://127.0.0.1:5166/run-csharp
11:00:35 [WEB] info: System.Net.Http.HttpClient.RunnerApi.ClientHandler[100]
11:00:35 [WEB]       Sending HTTP request POST http://127.0.0.1:5166/run-csharp
11:00:37 [WEB] info: System.Net.Http.HttpClient.RunnerApi.ClientHandler[101]
11:00:37 [WEB]       Received HTTP response headers after 2003.5235ms - 200
11:00:37 [WEB] info: System.Net.Http.HttpClient.RunnerApi.LogicalHandler[101]
11:00:37 [WEB]       End processing HTTP request after 2004.4973ms - 200
11:00:42 [WEB] info: System.Net.Http.HttpClient.RunnerApi.LogicalHandler[100]
11:00:42 [WEB]       Start processing HTTP request POST http://127.0.0.1:5166/run-csharp
11:00:42 [WEB] info: System.Net.Http.HttpClient.RunnerApi.ClientHandler[100]
11:00:42 [WEB]       Sending HTTP request POST http://127.0.0.1:5166/run-csharp
11:00:45 [WEB] info: System.Net.Http.HttpClient.RunnerApi.ClientHandler[101]
11:00:45 [WEB]       Received HTTP response headers after 2796.9794ms - 200
11:00:45 [WEB] info: System.Net.Http.HttpClient.RunnerApi.LogicalHandler[101]
11:00:45 [WEB]       End processing HTTP request after 2797.1859ms - 200
11:01:26 [WEB] info: System.Net.Http.HttpClient.RunnerApi.LogicalHandler[100]
11:01:26 [WEB]       Start processing HTTP request POST http://127.0.0.1:5166/run-csharp
11:01:26 [WEB] info: System.Net.Http.HttpClient.RunnerApi.ClientHandler[100]
11:01:26 [WEB]       Sending HTTP request POST http://127.0.0.1:5166/run-csharp
11:01:29 [WEB] info: System.Net.Http.HttpClient.RunnerApi.ClientHandler[101]
11:01:29 [WEB]       Received HTTP response headers after 3167.47ms - 200
11:01:29 [WEB] info: System.Net.Http.HttpClient.RunnerApi.LogicalHandler[101]
11:01:29 [WEB]       End processing HTTP request after 3167.6962ms - 200
11:01:48 [WEB] info: System.Net.Http.HttpClient.RunnerApi.LogicalHandler[100]
11:01:48 [WEB]       Start processing HTTP request POST http://127.0.0.1:5166/run-csharp
11:01:48 [WEB] info: System.Net.Http.HttpClient.RunnerApi.ClientHandler[100]
11:01:48 [WEB]       Sending HTTP request POST http://127.0.0.1:5166/run-csharp
11:01:51 [WEB] info: System.Net.Http.HttpClient.RunnerApi.ClientHandler[101]
11:01:51 [WEB]       Received HTTP response headers after 3119.1912ms - 200
11:01:51 [WEB] info: System.Net.Http.HttpClient.RunnerApi.LogicalHandler[101]
11:01:51 [WEB]       End processing HTTP request after 3119.4309ms - 200
11:02:22 [WEB] info: System.Net.Http.HttpClient.RunnerApi.LogicalHandler[100]
11:02:22 [WEB]       Start processing HTTP request POST http://127.0.0.1:5166/run-csharp
11:02:22 [WEB] info: System.Net.Http.HttpClient.RunnerApi.ClientHandler[100]
11:02:22 [WEB]       Sending HTTP request POST http://127.0.0.1:5166/run-csharp
11:02:25 [WEB] info: System.Net.Http.HttpClient.RunnerApi.ClientHandler[101]
11:02:25 [WEB]       Received HTTP response headers after 3116.6813ms - 200
11:02:25 [WEB] info: System.Net.Http.HttpClient.RunnerApi.LogicalHandler[101]
11:02:25 [WEB]       End processing HTTP request after 3116.9096ms - 200
11:04:28 [WEB] info: System.Net.Http.HttpClient.RunnerApi.LogicalHandler[100]
11:04:28 [WEB]       Start processing HTTP request POST http://127.0.0.1:5166/run-csharp
11:04:28 [WEB] info: System.Net.Http.HttpClient.RunnerApi.ClientHandler[100]
11:04:28 [WEB]       Sending HTTP request POST http://127.0.0.1:5166/run-csharp
11:04:31 [WEB] info: System.Net.Http.HttpClient.RunnerApi.ClientHandler[101]
11:04:31 [WEB]       Received HTTP response headers after 3180.2323ms - 200
11:04:31 [WEB] info: System.Net.Http.HttpClient.RunnerApi.LogicalHandler[101]
11:04:31 [WEB]       End processing HTTP request after 3180.5452ms - 200
11:04:58 [WEB] info: System.Net.Http.HttpClient.RunnerApi.LogicalHandler[100]
11:04:58 [WEB]       Start processing HTTP request POST http://127.0.0.1:5166/run-csharp
11:04:58 [WEB] info: System.Net.Http.HttpClient.RunnerApi.ClientHandler[100]
11:04:58 [WEB]       Sending HTTP request POST http://127.0.0.1:5166/run-csharp
11:05:01 [WEB] info: System.Net.Http.HttpClient.RunnerApi.ClientHandler[101]
11:05:01 [WEB]       Received HTTP response headers after 3221.053ms - 200
11:05:01 [WEB] info: System.Net.Http.HttpClient.RunnerApi.LogicalHandler[101]
11:05:01 [WEB]       End processing HTTP request after 3221.367ms - 200
11:05:04 [WEB] info: System.Net.Http.HttpClient.RunnerApi.LogicalHandler[100]
11:05:04 [WEB]       Start processing HTTP request POST http://127.0.0.1:5166/run-csharp
11:05:04 [WEB] info: System.Net.Http.HttpClient.RunnerApi.ClientHandler[100]
11:05:04 [WEB]       Sending HTTP request POST http://127.0.0.1:5166/run-csharp
11:05:07 [WEB] info: System.Net.Http.HttpClient.RunnerApi.ClientHandler[101]
11:05:07 [WEB]       Received HTTP response headers after 3019.2586ms - 200
11:05:07 [WEB] info: System.Net.Http.HttpClient.RunnerApi.LogicalHandler[101]
11:05:07 [WEB]       End processing HTTP request after 3019.4864ms - 200
11:17:30 [WEB] info: System.Net.Http.HttpClient.RunnerApi.LogicalHandler[100]
11:17:30 [WEB]       Start processing HTTP request POST http://127.0.0.1:5166/run-csharp
11:17:30 [WEB] info: System.Net.Http.HttpClient.RunnerApi.ClientHandler[100]
11:17:30 [WEB]       Sending HTTP request POST http://127.0.0.1:5166/run-csharp
11:17:33 [WEB] info: System.Net.Http.HttpClient.RunnerApi.ClientHandler[101]
11:17:33 [WEB]       Received HTTP response headers after 3225.5321ms - 200
11:17:33 [WEB] info: System.Net.Http.HttpClient.RunnerApi.LogicalHandler[101]
11:17:33 [WEB]       End processing HTTP request after 3226.0987ms - 200
11:17:36 [WEB] info: System.Net.Http.HttpClient.RunnerApi.LogicalHandler[100]
11:17:36 [WEB]       Start processing HTTP request POST http://127.0.0.1:5166/run-csharp
11:17:36 [WEB] info: System.Net.Http.HttpClient.RunnerApi.ClientHandler[100]
11:17:36 [WEB]       Sending HTTP request POST http://127.0.0.1:5166/run-csharp
11:17:39 [WEB] info: System.Net.Http.HttpClient.RunnerApi.ClientHandler[101]
11:17:39 [WEB]       Received HTTP response headers after 3110.3402ms - 200
11:17:39 [WEB] info: System.Net.Http.HttpClient.RunnerApi.LogicalHandler[101]
11:17:39 [WEB]       End processing HTTP request after 3110.537ms - 200
11:18:33 [WEB] info: System.Net.Http.HttpClient.RunnerApi.LogicalHandler[100]
11:18:33 [WEB]       Start processing HTTP request POST http://127.0.0.1:5166/run-csharp
11:18:33 [WEB] info: System.Net.Http.HttpClient.RunnerApi.ClientHandler[100]
11:18:33 [WEB]       Sending HTTP request POST http://127.0.0.1:5166/run-csharp
11:18:36 [WEB] info: System.Net.Http.HttpClient.RunnerApi.ClientHandler[101]
11:18:36 [WEB]       Received HTTP response headers after 3183.6864ms - 200
11:18:36 [WEB] info: System.Net.Http.HttpClient.RunnerApi.LogicalHandler[101]
11:18:36 [WEB]       End processing HTTP request after 3183.9081ms - 200
11:18:47 [WEB] info: System.Net.Http.HttpClient.RunnerApi.LogicalHandler[100]
11:18:47 [WEB]       Start processing HTTP request POST http://127.0.0.1:5166/run-csharp
11:18:47 [WEB] info: System.Net.Http.HttpClient.RunnerApi.ClientHandler[100]
11:18:47 [WEB]       Sending HTTP request POST http://127.0.0.1:5166/run-csharp
11:18:50 [WEB] info: System.Net.Http.HttpClient.RunnerApi.ClientHandler[101]
11:18:50 [WEB]       Received HTTP response headers after 3236.6812ms - 200
11:18:50 [WEB] info: System.Net.Http.HttpClient.RunnerApi.LogicalHandler[101]
11:18:50 [WEB]       End processing HTTP request after 3236.8734ms - 200
11:18:52 [WEB] info: System.Net.Http.HttpClient.RunnerApi.LogicalHandler[100]
11:18:52 [WEB]       Start processing HTTP request POST http://127.0.0.1:5166/run-csharp
11:18:52 [WEB] info: System.Net.Http.HttpClient.RunnerApi.ClientHandler[100]
11:18:52 [WEB]       Sending HTTP request POST http://127.0.0.1:5166/run-csharp
11:18:55 [WEB] info: System.Net.Http.HttpClient.RunnerApi.ClientHandler[101]
11:18:55 [WEB]       Received HTTP response headers after 3290.6859ms - 200
11:18:55 [WEB] info: System.Net.Http.HttpClient.RunnerApi.LogicalHandler[101]
11:18:55 [WEB]       End processing HTTP request after 3290.8356ms - 200
11:58:35 [WEB] info: Microsoft.Hosting.Lifetime[0]
11:58:51 [WEB] Using launch settings from /home/ole-kristian-wigum/Documents/School/Nettverk/code/oving05/Web/Properties/launchSettings.json...
11:58:51 [WEB] Building...
11:59:05 [WEB] info: Microsoft.Hosting.Lifetime[14]
11:59:05 [WEB]       Now listening on: http://localhost:5030
11:59:05 [WEB] info: Microsoft.Hosting.Lifetime[0]
11:59:05 [WEB]       Application started. Press Ctrl+C to shut down.
11:59:05 [WEB] info: Microsoft.Hosting.Lifetime[0]
11:59:05 [WEB]       Hosting environment: Development
11:59:05 [WEB] info: Microsoft.Hosting.Lifetime[0]
11:59:05 [WEB]       Content root path: /home/ole-kristian-wigum/Documents/School/Nettverk/code/oving05/Web
11:59:32 [WEB] info: System.Net.Http.HttpClient.RunnerApi.LogicalHandler[100]
11:59:32 [WEB]       Start processing HTTP request POST http://127.0.0.1:5166/run-csharp
11:59:32 [WEB] info: System.Net.Http.HttpClient.RunnerApi.ClientHandler[100]
11:59:32 [WEB]       Sending HTTP request POST http://127.0.0.1:5166/run-csharp
11:59:38 [WEB] info: System.Net.Http.HttpClient.RunnerApi.ClientHandler[101]
11:59:38 [WEB]       Received HTTP response headers after 5536.3936ms - 200
11:59:38 [WEB] info: System.Net.Http.HttpClient.RunnerApi.LogicalHandler[101]
11:59:38 [WEB]       End processing HTTP request after 5566.4989ms - 200
12:00:21 [WEB] info: System.Net.Http.HttpClient.RunnerApi.LogicalHandler[100]
12:00:21 [WEB]       Start processing HTTP request POST http://127.0.0.1:5166/run-csharp
12:00:21 [WEB] info: System.Net.Http.HttpClient.RunnerApi.ClientHandler[100]
12:00:21 [WEB]       Sending HTTP request POST http://127.0.0.1:5166/run-csharp
12:00:26 [WEB] info: System.Net.Http.HttpClient.RunnerApi.ClientHandler[101]
12:00:26 [WEB]       Received HTTP response headers after 4688.8099ms - 200
12:00:26 [WEB] info: System.Net.Http.HttpClient.RunnerApi.LogicalHandler[101]
12:00:26 [WEB]       End processing HTTP request after 4689.2061ms - 200
12:00:56 [WEB] info: System.Net.Http.HttpClient.RunnerApi.LogicalHandler[100]
12:00:56 [WEB]       Start processing HTTP request POST http://127.0.0.1:5166/run-csharp
12:00:56 [WEB] info: System.Net.Http.HttpClient.RunnerApi.ClientHandler[100]
12:00:56 [WEB]       Sending HTTP request POST http://127.0.0.1:5166/run-csharp
12:01:01 [WEB] info: System.Net.Http.HttpClient.RunnerApi.ClientHandler[101]
12:01:01 [WEB]       Received HTTP response headers after 5399.6247ms - 200
12:01:01 [WEB] info: System.Net.Http.HttpClient.RunnerApi.LogicalHandler[101]
12:01:01 [WEB]       End processing HTTP request after 5399.8954ms - 200
12:01:14 [WEB] info: System.Net.Http.HttpClient.RunnerApi.LogicalHandler[100]
12:01:14 [WEB]       Start processing HTTP request POST http://127.0.0.1:5166/run-csharp
12:01:14 [WEB] info: System.Net.Http.HttpClient.RunnerApi.ClientHandler[100]
12:01:14 [WEB]       Sending HTTP request POST http://127.0.0.1:5166/run-csharp
12:01:19 [WEB] info: System.Net.Http.HttpClient.RunnerApi.ClientHandler[101]
12:01:19 [WEB]       Received HTTP response headers after 5142.4579ms - 200
12:01:19 [WEB] info: System.Net.Http.HttpClient.RunnerApi.LogicalHandler[101]
12:01:19 [WEB]       End processing HTTP request after 5142.6958ms - 200
12:01:43 [WEB] info: System.Net.Http.HttpClient.RunnerApi.LogicalHandler[100]
12:01:43 [WEB]       Start processing HTTP request POST http://127.0.0.1:5166/run-csharp
12:01:43 [WEB] info: System.Net.Http.HttpClient.RunnerApi.ClientHandler[100]
12:01:43 [WEB]       Sending HTTP request POST http://127.0.0.1:5166/run-csharp
12:01:48 [WEB] info: System.Net.Http.HttpClient.RunnerApi.ClientHandler[101]
12:01:48 [WEB]       Received HTTP response headers after 4924.1858ms - 200
12:01:48 [WEB] info: System.Net.Http.HttpClient.RunnerApi.LogicalHandler[101]
12:01:48 [WEB]       End processing HTTP request after 4924.5801ms - 200
12:02:04 [WEB] info: System.Net.Http.HttpClient.RunnerApi.LogicalHandler[100]
12:02:04 [WEB]       Start processing HTTP request POST http://127.0.0.1:5166/run-csharp
12:02:04 [WEB] info: System.Net.Http.HttpClient.RunnerApi.ClientHandler[100]
12:02:04 [WEB]       Sending HTTP request POST http://127.0.0.1:5166/run-csharp
12:02:09 [WEB] info: System.Net.Http.HttpClient.RunnerApi.ClientHandler[101]
12:02:09 [WEB]       Received HTTP response headers after 5026.0971ms - 200
12:02:09 [WEB] info: System.Net.Http.HttpClient.RunnerApi.LogicalHandler[101]
12:02:09 [WEB]       End processing HTTP request after 5027.1622ms - 200
12:02:16 [WEB] info: System.Net.Http.HttpClient.RunnerApi.LogicalHandler[100]
12:02:16 [WEB]       Start processing HTTP request POST http://127.0.0.1:5166/run-csharp
12:02:16 [WEB] info: System.Net.Http.HttpClient.RunnerApi.ClientHandler[100]
12:02:16 [WEB]       Sending HTTP request POST http://127.0.0.1:5166/run-csharp
12:02:22 [WEB] info: System.Net.Http.HttpClient.RunnerApi.ClientHandler[101]
12:02:22 [WEB]       Received HTTP response headers after 5296.7514ms - 200
12:02:22 [WEB] info: System.Net.Http.HttpClient.RunnerApi.LogicalHandler[101]
12:02:22 [WEB]       End processing HTTP request after 5296.9019ms - 200
12:03:22 [WEB] info: System.Net.Http.HttpClient.RunnerApi.LogicalHandler[100]
12:03:22 [WEB]       Start processing HTTP request POST http://127.0.0.1:5166/run-csharp
12:03:22 [WEB] info: System.Net.Http.HttpClient.RunnerApi.ClientHandler[100]
12:03:22 [WEB]       Sending HTTP request POST http://127.0.0.1:5166/run-csharp
12:03:27 [WEB] info: System.Net.Http.HttpClient.RunnerApi.ClientHandler[101]
12:03:27 [WEB]       Received HTTP response headers after 5678.0079ms - 200
12:03:27 [WEB] info: System.Net.Http.HttpClient.RunnerApi.LogicalHandler[101]
12:03:27 [WEB]       End processing HTTP request after 5678.169ms - 200
